// Jest Snapshot v1, https://goo.gl/fbAQLP

exports[`AvailabilityModal matches snapshot 1`] = `
<DocumentFragment>
  <div
    class="fixed inset-0 flex items-center justify-center bg-black bg-opacity-50 z-50"
  >
    <div
      class="bg-white rounded-lg p-6 shadow-lg lg:w-96 "
    >
      <h2
        class="text-2xl font-semibold text-center text-gray-800 mb-6"
      >
        Select the date and assign availability
      </h2>
      <div
        class="rdp mb-6 rounded-lg border p-4"
      >
        <div
          class="flex flex-col sm:flex-row space-y-4 sm:space-x-4 sm:space-y-0"
        >
          <div
            class="space-y-4 rdp-caption_start rdp-caption_end"
          >
            <div
              class="flex justify-center pt-1 relative items-center"
            >
              <div
                aria-live="polite"
                class="text-sm font-medium"
                id="react-day-picker-11"
                role="presentation"
              >
                March 2025
              </div>
              <div
                class="space-x-1 flex items-center"
              >
                <button
                  aria-label="Go to previous month"
                  class="rdp-button_reset rdp-button inline-flex items-center justify-center gap-2 whitespace-nowrap rounded-md text-sm font-medium ring-offset-background transition-colors focus-visible:outline-none focus-visible:ring-2 focus-visible:ring-ring focus-visible:ring-offset-2 disabled:pointer-events-none disabled:opacity-50 [&_svg]:pointer-events-none [&_svg]:size-4 [&_svg]:shrink-0 border border-input hover:bg-accent hover:text-accent-foreground h-7 w-7 bg-transparent p-0 opacity-50 hover:opacity-100 absolute left-1"
                  disabled=""
                  name="previous-month"
                  type="button"
                >
                  <div>
                    ChevronLeft
                  </div>
                </button>
                <button
                  aria-label="Go to next month"
                  class="rdp-button_reset rdp-button inline-flex items-center justify-center gap-2 whitespace-nowrap rounded-md text-sm font-medium ring-offset-background transition-colors focus-visible:outline-none focus-visible:ring-2 focus-visible:ring-ring focus-visible:ring-offset-2 disabled:pointer-events-none disabled:opacity-50 [&_svg]:pointer-events-none [&_svg]:size-4 [&_svg]:shrink-0 border border-input hover:bg-accent hover:text-accent-foreground h-7 w-7 bg-transparent p-0 opacity-50 hover:opacity-100 absolute right-1"
                  name="next-month"
                  type="button"
                >
                  <div>
                    ChevronRight
                  </div>
                </button>
              </div>
            </div>
            <table
              aria-labelledby="react-day-picker-11"
              class="w-full border-collapse space-y-1"
              role="grid"
            >
              <thead
                class="rdp-head"
              >
                <tr
                  class="flex"
                >
                  <th
                    aria-label="Sunday"
                    class="text-muted-foreground rounded-md w-9 font-normal text-[0.8rem]"
                    scope="col"
                  >
                    Su
                  </th>
                  <th
                    aria-label="Monday"
                    class="text-muted-foreground rounded-md w-9 font-normal text-[0.8rem]"
                    scope="col"
                  >
                    Mo
                  </th>
                  <th
                    aria-label="Tuesday"
                    class="text-muted-foreground rounded-md w-9 font-normal text-[0.8rem]"
                    scope="col"
                  >
                    Tu
                  </th>
                  <th
                    aria-label="Wednesday"
                    class="text-muted-foreground rounded-md w-9 font-normal text-[0.8rem]"
                    scope="col"
                  >
                    We
                  </th>
                  <th
                    aria-label="Thursday"
                    class="text-muted-foreground rounded-md w-9 font-normal text-[0.8rem]"
                    scope="col"
                  >
                    Th
                  </th>
                  <th
                    aria-label="Friday"
                    class="text-muted-foreground rounded-md w-9 font-normal text-[0.8rem]"
                    scope="col"
                  >
                    Fr
                  </th>
                  <th
                    aria-label="Saturday"
                    class="text-muted-foreground rounded-md w-9 font-normal text-[0.8rem]"
                    scope="col"
                  >
                    Sa
                  </th>
                </tr>
              </thead>
              <tbody
                class="rdp-tbody"
              >
                <tr
                  class="flex w-full mt-2"
                >
                  <td
                    class="h-9 w-9 text-center text-sm p-0 relative [&:has([aria-selected].day-range-end)]:rounded-r-md [&:has([aria-selected].day-outside)]:bg-accent/50 [&:has([aria-selected])]:bg-accent first:[&:has([aria-selected])]:rounded-l-md last:[&:has([aria-selected])]:rounded-r-md focus-within:relative focus-within:z-20"
                    role="presentation"
                  >
                    <button
                      class="rdp-button_reset rdp-button inline-flex items-center justify-center gap-2 whitespace-nowrap rounded-md text-sm ring-offset-background transition-colors focus-visible:outline-none focus-visible:ring-2 focus-visible:ring-ring focus-visible:ring-offset-2 disabled:pointer-events-none disabled:opacity-50 [&_svg]:pointer-events-none [&_svg]:size-4 [&_svg]:shrink-0 hover:bg-accent hover:text-accent-foreground h-9 w-9 p-0 font-normal aria-selected:opacity-100 text-muted-foreground opacity-50 hover:cursor-not-allowed day-outside text-muted-foreground aria-selected:bg-accent/50 aria-selected:text-muted-foreground"
                      disabled=""
                      name="day"
                      role="gridcell"
                      tabindex="-1"
                      type="button"
                    >
                      23
                    </button>
                  </td>
                  <td
                    class="h-9 w-9 text-center text-sm p-0 relative [&:has([aria-selected].day-range-end)]:rounded-r-md [&:has([aria-selected].day-outside)]:bg-accent/50 [&:has([aria-selected])]:bg-accent first:[&:has([aria-selected])]:rounded-l-md last:[&:has([aria-selected])]:rounded-r-md focus-within:relative focus-within:z-20"
                    role="presentation"
                  >
                    <button
                      class="rdp-button_reset rdp-button inline-flex items-center justify-center gap-2 whitespace-nowrap rounded-md text-sm ring-offset-background transition-colors focus-visible:outline-none focus-visible:ring-2 focus-visible:ring-ring focus-visible:ring-offset-2 disabled:pointer-events-none disabled:opacity-50 [&_svg]:pointer-events-none [&_svg]:size-4 [&_svg]:shrink-0 hover:bg-accent hover:text-accent-foreground h-9 w-9 p-0 font-normal aria-selected:opacity-100 text-muted-foreground opacity-50 hover:cursor-not-allowed day-outside text-muted-foreground aria-selected:bg-accent/50 aria-selected:text-muted-foreground"
                      disabled=""
                      name="day"
                      role="gridcell"
                      tabindex="-1"
                      type="button"
                    >
                      24
                    </button>
                  </td>
                  <td
                    class="h-9 w-9 text-center text-sm p-0 relative [&:has([aria-selected].day-range-end)]:rounded-r-md [&:has([aria-selected].day-outside)]:bg-accent/50 [&:has([aria-selected])]:bg-accent first:[&:has([aria-selected])]:rounded-l-md last:[&:has([aria-selected])]:rounded-r-md focus-within:relative focus-within:z-20"
                    role="presentation"
                  >
                    <button
                      class="rdp-button_reset rdp-button inline-flex items-center justify-center gap-2 whitespace-nowrap rounded-md text-sm ring-offset-background transition-colors focus-visible:outline-none focus-visible:ring-2 focus-visible:ring-ring focus-visible:ring-offset-2 disabled:pointer-events-none disabled:opacity-50 [&_svg]:pointer-events-none [&_svg]:size-4 [&_svg]:shrink-0 hover:bg-accent hover:text-accent-foreground h-9 w-9 p-0 font-normal aria-selected:opacity-100 text-muted-foreground opacity-50 hover:cursor-not-allowed day-outside text-muted-foreground aria-selected:bg-accent/50 aria-selected:text-muted-foreground"
                      disabled=""
                      name="day"
                      role="gridcell"
                      tabindex="-1"
                      type="button"
                    >
                      25
                    </button>
                  </td>
                  <td
                    class="h-9 w-9 text-center text-sm p-0 relative [&:has([aria-selected].day-range-end)]:rounded-r-md [&:has([aria-selected].day-outside)]:bg-accent/50 [&:has([aria-selected])]:bg-accent first:[&:has([aria-selected])]:rounded-l-md last:[&:has([aria-selected])]:rounded-r-md focus-within:relative focus-within:z-20"
                    role="presentation"
                  >
                    <button
                      class="rdp-button_reset rdp-button inline-flex items-center justify-center gap-2 whitespace-nowrap rounded-md text-sm ring-offset-background transition-colors focus-visible:outline-none focus-visible:ring-2 focus-visible:ring-ring focus-visible:ring-offset-2 disabled:pointer-events-none disabled:opacity-50 [&_svg]:pointer-events-none [&_svg]:size-4 [&_svg]:shrink-0 hover:bg-accent hover:text-accent-foreground h-9 w-9 p-0 font-normal aria-selected:opacity-100 text-muted-foreground opacity-50 hover:cursor-not-allowed day-outside text-muted-foreground aria-selected:bg-accent/50 aria-selected:text-muted-foreground"
                      disabled=""
                      name="day"
                      role="gridcell"
                      tabindex="-1"
                      type="button"
                    >
                      26
                    </button>
                  </td>
                  <td
                    class="h-9 w-9 text-center text-sm p-0 relative [&:has([aria-selected].day-range-end)]:rounded-r-md [&:has([aria-selected].day-outside)]:bg-accent/50 [&:has([aria-selected])]:bg-accent first:[&:has([aria-selected])]:rounded-l-md last:[&:has([aria-selected])]:rounded-r-md focus-within:relative focus-within:z-20"
                    role="presentation"
                  >
                    <button
                      class="rdp-button_reset rdp-button inline-flex items-center justify-center gap-2 whitespace-nowrap rounded-md text-sm ring-offset-background transition-colors focus-visible:outline-none focus-visible:ring-2 focus-visible:ring-ring focus-visible:ring-offset-2 disabled:pointer-events-none disabled:opacity-50 [&_svg]:pointer-events-none [&_svg]:size-4 [&_svg]:shrink-0 hover:bg-accent hover:text-accent-foreground h-9 w-9 p-0 font-normal aria-selected:opacity-100 text-muted-foreground opacity-50 hover:cursor-not-allowed day-outside text-muted-foreground aria-selected:bg-accent/50 aria-selected:text-muted-foreground"
                      disabled=""
                      name="day"
                      role="gridcell"
                      tabindex="-1"
                      type="button"
                    >
                      27
                    </button>
                  </td>
                  <td
                    class="h-9 w-9 text-center text-sm p-0 relative [&:has([aria-selected].day-range-end)]:rounded-r-md [&:has([aria-selected].day-outside)]:bg-accent/50 [&:has([aria-selected])]:bg-accent first:[&:has([aria-selected])]:rounded-l-md last:[&:has([aria-selected])]:rounded-r-md focus-within:relative focus-within:z-20"
                    role="presentation"
                  >
                    <button
                      class="rdp-button_reset rdp-button inline-flex items-center justify-center gap-2 whitespace-nowrap rounded-md text-sm ring-offset-background transition-colors focus-visible:outline-none focus-visible:ring-2 focus-visible:ring-ring focus-visible:ring-offset-2 disabled:pointer-events-none disabled:opacity-50 [&_svg]:pointer-events-none [&_svg]:size-4 [&_svg]:shrink-0 hover:bg-accent hover:text-accent-foreground h-9 w-9 p-0 font-normal aria-selected:opacity-100 text-muted-foreground opacity-50 hover:cursor-not-allowed day-outside text-muted-foreground aria-selected:bg-accent/50 aria-selected:text-muted-foreground"
                      disabled=""
                      name="day"
                      role="gridcell"
                      tabindex="-1"
                      type="button"
                    >
                      28
                    </button>
                  </td>
                  <td
                    class="h-9 w-9 text-center text-sm p-0 relative [&:has([aria-selected].day-range-end)]:rounded-r-md [&:has([aria-selected].day-outside)]:bg-accent/50 [&:has([aria-selected])]:bg-accent first:[&:has([aria-selected])]:rounded-l-md last:[&:has([aria-selected])]:rounded-r-md focus-within:relative focus-within:z-20"
                    role="presentation"
                  >
                    <button
                      class="rdp-button_reset rdp-button inline-flex items-center justify-center gap-2 whitespace-nowrap rounded-md text-sm ring-offset-background transition-colors focus-visible:outline-none focus-visible:ring-2 focus-visible:ring-ring focus-visible:ring-offset-2 disabled:pointer-events-none disabled:opacity-50 [&_svg]:pointer-events-none [&_svg]:size-4 [&_svg]:shrink-0 hover:bg-accent hover:text-accent-foreground h-9 w-9 p-0 font-normal aria-selected:opacity-100 text-muted-foreground opacity-50 hover:cursor-not-allowed"
                      disabled=""
                      name="day"
                      role="gridcell"
                      tabindex="-1"
                      type="button"
                    >
                      1
                    </button>
                  </td>
                </tr>
                <tr
                  class="flex w-full mt-2"
                >
                  <td
                    class="h-9 w-9 text-center text-sm p-0 relative [&:has([aria-selected].day-range-end)]:rounded-r-md [&:has([aria-selected].day-outside)]:bg-accent/50 [&:has([aria-selected])]:bg-accent first:[&:has([aria-selected])]:rounded-l-md last:[&:has([aria-selected])]:rounded-r-md focus-within:relative focus-within:z-20"
                    role="presentation"
                  >
                    <button
                      class="rdp-button_reset rdp-button inline-flex items-center justify-center gap-2 whitespace-nowrap rounded-md text-sm ring-offset-background transition-colors focus-visible:outline-none focus-visible:ring-2 focus-visible:ring-ring focus-visible:ring-offset-2 disabled:pointer-events-none disabled:opacity-50 [&_svg]:pointer-events-none [&_svg]:size-4 [&_svg]:shrink-0 hover:bg-accent hover:text-accent-foreground h-9 w-9 p-0 font-normal aria-selected:opacity-100 text-muted-foreground opacity-50 hover:cursor-not-allowed"
                      disabled=""
                      name="day"
                      role="gridcell"
                      tabindex="-1"
                      type="button"
                    >
                      2
                    </button>
                  </td>
                  <td
                    class="h-9 w-9 text-center text-sm p-0 relative [&:has([aria-selected].day-range-end)]:rounded-r-md [&:has([aria-selected].day-outside)]:bg-accent/50 [&:has([aria-selected])]:bg-accent first:[&:has([aria-selected])]:rounded-l-md last:[&:has([aria-selected])]:rounded-r-md focus-within:relative focus-within:z-20"
                    role="presentation"
                  >
                    <button
                      class="rdp-button_reset rdp-button inline-flex items-center justify-center gap-2 whitespace-nowrap rounded-md text-sm ring-offset-background transition-colors focus-visible:outline-none focus-visible:ring-2 focus-visible:ring-ring focus-visible:ring-offset-2 disabled:pointer-events-none disabled:opacity-50 [&_svg]:pointer-events-none [&_svg]:size-4 [&_svg]:shrink-0 hover:bg-accent hover:text-accent-foreground h-9 w-9 p-0 font-normal aria-selected:opacity-100 text-muted-foreground opacity-50 hover:cursor-not-allowed"
                      disabled=""
                      name="day"
                      role="gridcell"
                      tabindex="-1"
                      type="button"
                    >
                      3
                    </button>
                  </td>
                  <td
                    class="h-9 w-9 text-center text-sm p-0 relative [&:has([aria-selected].day-range-end)]:rounded-r-md [&:has([aria-selected].day-outside)]:bg-accent/50 [&:has([aria-selected])]:bg-accent first:[&:has([aria-selected])]:rounded-l-md last:[&:has([aria-selected])]:rounded-r-md focus-within:relative focus-within:z-20"
                    role="presentation"
                  >
                    <button
                      class="rdp-button_reset rdp-button inline-flex items-center justify-center gap-2 whitespace-nowrap rounded-md text-sm ring-offset-background transition-colors focus-visible:outline-none focus-visible:ring-2 focus-visible:ring-ring focus-visible:ring-offset-2 disabled:pointer-events-none disabled:opacity-50 [&_svg]:pointer-events-none [&_svg]:size-4 [&_svg]:shrink-0 hover:bg-accent hover:text-accent-foreground h-9 w-9 p-0 font-normal aria-selected:opacity-100 text-muted-foreground opacity-50 hover:cursor-not-allowed"
                      disabled=""
                      name="day"
                      role="gridcell"
                      tabindex="-1"
                      type="button"
                    >
                      4
                    </button>
                  </td>
                  <td
                    class="h-9 w-9 text-center text-sm p-0 relative [&:has([aria-selected].day-range-end)]:rounded-r-md [&:has([aria-selected].day-outside)]:bg-accent/50 [&:has([aria-selected])]:bg-accent first:[&:has([aria-selected])]:rounded-l-md last:[&:has([aria-selected])]:rounded-r-md focus-within:relative focus-within:z-20"
                    role="presentation"
                  >
                    <button
                      class="rdp-button_reset rdp-button inline-flex items-center justify-center gap-2 whitespace-nowrap rounded-md text-sm ring-offset-background transition-colors focus-visible:outline-none focus-visible:ring-2 focus-visible:ring-ring focus-visible:ring-offset-2 disabled:pointer-events-none disabled:opacity-50 [&_svg]:pointer-events-none [&_svg]:size-4 [&_svg]:shrink-0 hover:bg-accent hover:text-accent-foreground h-9 w-9 p-0 font-normal aria-selected:opacity-100 text-muted-foreground opacity-50 hover:cursor-not-allowed"
                      disabled=""
                      name="day"
                      role="gridcell"
                      tabindex="-1"
                      type="button"
                    >
                      5
                    </button>
                  </td>
                  <td
                    class="h-9 w-9 text-center text-sm p-0 relative [&:has([aria-selected].day-range-end)]:rounded-r-md [&:has([aria-selected].day-outside)]:bg-accent/50 [&:has([aria-selected])]:bg-accent first:[&:has([aria-selected])]:rounded-l-md last:[&:has([aria-selected])]:rounded-r-md focus-within:relative focus-within:z-20"
                    role="presentation"
                  >
                    <button
                      aria-selected="true"
                      class="rdp-button_reset rdp-button inline-flex items-center justify-center gap-2 whitespace-nowrap rounded-md text-sm ring-offset-background transition-colors focus-visible:outline-none focus-visible:ring-2 focus-visible:ring-ring focus-visible:ring-offset-2 disabled:pointer-events-none disabled:opacity-50 [&_svg]:pointer-events-none [&_svg]:size-4 [&_svg]:shrink-0 hover:bg-accent hover:text-accent-foreground h-9 w-9 p-0 font-normal aria-selected:opacity-100 bg-primary text-primary-foreground hover:bg-primary hover:text-primary-foreground focus:bg-primary focus:text-primary-foreground text-muted-foreground opacity-50 hover:cursor-not-allowed bg-accent text-accent-foreground"
                      disabled=""
                      name="day"
                      role="gridcell"
                      tabindex="-1"
                      type="button"
                    >
                      6
                    </button>
                  </td>
                  <td
                    class="h-9 w-9 text-center text-sm p-0 relative [&:has([aria-selected].day-range-end)]:rounded-r-md [&:has([aria-selected].day-outside)]:bg-accent/50 [&:has([aria-selected])]:bg-accent first:[&:has([aria-selected])]:rounded-l-md last:[&:has([aria-selected])]:rounded-r-md focus-within:relative focus-within:z-20"
                    role="presentation"
                  >
                    <button
                      class="rdp-button_reset rdp-button inline-flex items-center justify-center gap-2 whitespace-nowrap rounded-md text-sm ring-offset-background transition-colors focus-visible:outline-none focus-visible:ring-2 focus-visible:ring-ring focus-visible:ring-offset-2 disabled:pointer-events-none disabled:opacity-50 [&_svg]:pointer-events-none [&_svg]:size-4 [&_svg]:shrink-0 hover:bg-accent hover:text-accent-foreground h-9 w-9 p-0 font-normal aria-selected:opacity-100"
                      name="day"
                      role="gridcell"
                      tabindex="0"
                      type="button"
                    >
                      7
                    </button>
                  </td>
                  <td
                    class="h-9 w-9 text-center text-sm p-0 relative [&:has([aria-selected].day-range-end)]:rounded-r-md [&:has([aria-selected].day-outside)]:bg-accent/50 [&:has([aria-selected])]:bg-accent first:[&:has([aria-selected])]:rounded-l-md last:[&:has([aria-selected])]:rounded-r-md focus-within:relative focus-within:z-20"
                    role="presentation"
                  >
                    <button
                      class="rdp-button_reset rdp-button inline-flex items-center justify-center gap-2 whitespace-nowrap rounded-md text-sm ring-offset-background transition-colors focus-visible:outline-none focus-visible:ring-2 focus-visible:ring-ring focus-visible:ring-offset-2 disabled:pointer-events-none disabled:opacity-50 [&_svg]:pointer-events-none [&_svg]:size-4 [&_svg]:shrink-0 hover:bg-accent hover:text-accent-foreground h-9 w-9 p-0 font-normal aria-selected:opacity-100"
                      name="day"
                      role="gridcell"
                      tabindex="-1"
                      type="button"
                    >
                      8
                    </button>
                  </td>
                </tr>
                <tr
                  class="flex w-full mt-2"
                >
                  <td
                    class="h-9 w-9 text-center text-sm p-0 relative [&:has([aria-selected].day-range-end)]:rounded-r-md [&:has([aria-selected].day-outside)]:bg-accent/50 [&:has([aria-selected])]:bg-accent first:[&:has([aria-selected])]:rounded-l-md last:[&:has([aria-selected])]:rounded-r-md focus-within:relative focus-within:z-20"
                    role="presentation"
                  >
                    <button
                      class="rdp-button_reset rdp-button inline-flex items-center justify-center gap-2 whitespace-nowrap rounded-md text-sm ring-offset-background transition-colors focus-visible:outline-none focus-visible:ring-2 focus-visible:ring-ring focus-visible:ring-offset-2 disabled:pointer-events-none disabled:opacity-50 [&_svg]:pointer-events-none [&_svg]:size-4 [&_svg]:shrink-0 hover:bg-accent hover:text-accent-foreground h-9 w-9 p-0 font-normal aria-selected:opacity-100"
                      name="day"
                      role="gridcell"
                      tabindex="-1"
                      type="button"
                    >
                      9
                    </button>
                  </td>
                  <td
                    class="h-9 w-9 text-center text-sm p-0 relative [&:has([aria-selected].day-range-end)]:rounded-r-md [&:has([aria-selected].day-outside)]:bg-accent/50 [&:has([aria-selected])]:bg-accent first:[&:has([aria-selected])]:rounded-l-md last:[&:has([aria-selected])]:rounded-r-md focus-within:relative focus-within:z-20"
                    role="presentation"
                  >
                    <button
                      class="rdp-button_reset rdp-button inline-flex items-center justify-center gap-2 whitespace-nowrap rounded-md text-sm ring-offset-background transition-colors focus-visible:outline-none focus-visible:ring-2 focus-visible:ring-ring focus-visible:ring-offset-2 disabled:pointer-events-none disabled:opacity-50 [&_svg]:pointer-events-none [&_svg]:size-4 [&_svg]:shrink-0 hover:bg-accent hover:text-accent-foreground h-9 w-9 p-0 font-normal aria-selected:opacity-100"
                      name="day"
                      role="gridcell"
                      tabindex="-1"
                      type="button"
                    >
                      10
                    </button>
                  </td>
                  <td
                    class="h-9 w-9 text-center text-sm p-0 relative [&:has([aria-selected].day-range-end)]:rounded-r-md [&:has([aria-selected].day-outside)]:bg-accent/50 [&:has([aria-selected])]:bg-accent first:[&:has([aria-selected])]:rounded-l-md last:[&:has([aria-selected])]:rounded-r-md focus-within:relative focus-within:z-20"
                    role="presentation"
                  >
                    <button
                      class="rdp-button_reset rdp-button inline-flex items-center justify-center gap-2 whitespace-nowrap rounded-md text-sm ring-offset-background transition-colors focus-visible:outline-none focus-visible:ring-2 focus-visible:ring-ring focus-visible:ring-offset-2 disabled:pointer-events-none disabled:opacity-50 [&_svg]:pointer-events-none [&_svg]:size-4 [&_svg]:shrink-0 hover:bg-accent hover:text-accent-foreground h-9 w-9 p-0 font-normal aria-selected:opacity-100"
                      name="day"
                      role="gridcell"
                      tabindex="-1"
                      type="button"
                    >
                      11
                    </button>
                  </td>
                  <td
                    class="h-9 w-9 text-center text-sm p-0 relative [&:has([aria-selected].day-range-end)]:rounded-r-md [&:has([aria-selected].day-outside)]:bg-accent/50 [&:has([aria-selected])]:bg-accent first:[&:has([aria-selected])]:rounded-l-md last:[&:has([aria-selected])]:rounded-r-md focus-within:relative focus-within:z-20"
                    role="presentation"
                  >
                    <button
                      class="rdp-button_reset rdp-button inline-flex items-center justify-center gap-2 whitespace-nowrap rounded-md text-sm ring-offset-background transition-colors focus-visible:outline-none focus-visible:ring-2 focus-visible:ring-ring focus-visible:ring-offset-2 disabled:pointer-events-none disabled:opacity-50 [&_svg]:pointer-events-none [&_svg]:size-4 [&_svg]:shrink-0 hover:bg-accent hover:text-accent-foreground h-9 w-9 p-0 font-normal aria-selected:opacity-100"
                      name="day"
                      role="gridcell"
                      tabindex="-1"
                      type="button"
                    >
                      12
                    </button>
                  </td>
                  <td
                    class="h-9 w-9 text-center text-sm p-0 relative [&:has([aria-selected].day-range-end)]:rounded-r-md [&:has([aria-selected].day-outside)]:bg-accent/50 [&:has([aria-selected])]:bg-accent first:[&:has([aria-selected])]:rounded-l-md last:[&:has([aria-selected])]:rounded-r-md focus-within:relative focus-within:z-20"
                    role="presentation"
                  >
                    <button
                      class="rdp-button_reset rdp-button inline-flex items-center justify-center gap-2 whitespace-nowrap rounded-md text-sm ring-offset-background transition-colors focus-visible:outline-none focus-visible:ring-2 focus-visible:ring-ring focus-visible:ring-offset-2 disabled:pointer-events-none disabled:opacity-50 [&_svg]:pointer-events-none [&_svg]:size-4 [&_svg]:shrink-0 hover:bg-accent hover:text-accent-foreground h-9 w-9 p-0 font-normal aria-selected:opacity-100"
                      name="day"
                      role="gridcell"
                      tabindex="-1"
                      type="button"
                    >
                      13
                    </button>
                  </td>
                  <td
                    class="h-9 w-9 text-center text-sm p-0 relative [&:has([aria-selected].day-range-end)]:rounded-r-md [&:has([aria-selected].day-outside)]:bg-accent/50 [&:has([aria-selected])]:bg-accent first:[&:has([aria-selected])]:rounded-l-md last:[&:has([aria-selected])]:rounded-r-md focus-within:relative focus-within:z-20"
                    role="presentation"
                  >
                    <button
                      class="rdp-button_reset rdp-button inline-flex items-center justify-center gap-2 whitespace-nowrap rounded-md text-sm ring-offset-background transition-colors focus-visible:outline-none focus-visible:ring-2 focus-visible:ring-ring focus-visible:ring-offset-2 disabled:pointer-events-none disabled:opacity-50 [&_svg]:pointer-events-none [&_svg]:size-4 [&_svg]:shrink-0 hover:bg-accent hover:text-accent-foreground h-9 w-9 p-0 font-normal aria-selected:opacity-100"
                      name="day"
                      role="gridcell"
                      tabindex="-1"
                      type="button"
                    >
                      14
                    </button>
                  </td>
                  <td
                    class="h-9 w-9 text-center text-sm p-0 relative [&:has([aria-selected].day-range-end)]:rounded-r-md [&:has([aria-selected].day-outside)]:bg-accent/50 [&:has([aria-selected])]:bg-accent first:[&:has([aria-selected])]:rounded-l-md last:[&:has([aria-selected])]:rounded-r-md focus-within:relative focus-within:z-20"
                    role="presentation"
                  >
                    <button
                      class="rdp-button_reset rdp-button inline-flex items-center justify-center gap-2 whitespace-nowrap rounded-md text-sm ring-offset-background transition-colors focus-visible:outline-none focus-visible:ring-2 focus-visible:ring-ring focus-visible:ring-offset-2 disabled:pointer-events-none disabled:opacity-50 [&_svg]:pointer-events-none [&_svg]:size-4 [&_svg]:shrink-0 hover:bg-accent hover:text-accent-foreground h-9 w-9 p-0 font-normal aria-selected:opacity-100"
                      name="day"
                      role="gridcell"
                      tabindex="-1"
                      type="button"
                    >
                      15
                    </button>
                  </td>
                </tr>
                <tr
                  class="flex w-full mt-2"
                >
                  <td
                    class="h-9 w-9 text-center text-sm p-0 relative [&:has([aria-selected].day-range-end)]:rounded-r-md [&:has([aria-selected].day-outside)]:bg-accent/50 [&:has([aria-selected])]:bg-accent first:[&:has([aria-selected])]:rounded-l-md last:[&:has([aria-selected])]:rounded-r-md focus-within:relative focus-within:z-20"
                    role="presentation"
                  >
                    <button
                      class="rdp-button_reset rdp-button inline-flex items-center justify-center gap-2 whitespace-nowrap rounded-md text-sm ring-offset-background transition-colors focus-visible:outline-none focus-visible:ring-2 focus-visible:ring-ring focus-visible:ring-offset-2 disabled:pointer-events-none disabled:opacity-50 [&_svg]:pointer-events-none [&_svg]:size-4 [&_svg]:shrink-0 hover:bg-accent hover:text-accent-foreground h-9 w-9 p-0 font-normal aria-selected:opacity-100"
                      name="day"
                      role="gridcell"
                      tabindex="-1"
                      type="button"
                    >
                      16
                    </button>
                  </td>
                  <td
                    class="h-9 w-9 text-center text-sm p-0 relative [&:has([aria-selected].day-range-end)]:rounded-r-md [&:has([aria-selected].day-outside)]:bg-accent/50 [&:has([aria-selected])]:bg-accent first:[&:has([aria-selected])]:rounded-l-md last:[&:has([aria-selected])]:rounded-r-md focus-within:relative focus-within:z-20"
                    role="presentation"
                  >
                    <button
                      class="rdp-button_reset rdp-button inline-flex items-center justify-center gap-2 whitespace-nowrap rounded-md text-sm ring-offset-background transition-colors focus-visible:outline-none focus-visible:ring-2 focus-visible:ring-ring focus-visible:ring-offset-2 disabled:pointer-events-none disabled:opacity-50 [&_svg]:pointer-events-none [&_svg]:size-4 [&_svg]:shrink-0 hover:bg-accent hover:text-accent-foreground h-9 w-9 p-0 font-normal aria-selected:opacity-100"
                      name="day"
                      role="gridcell"
                      tabindex="-1"
                      type="button"
                    >
                      17
                    </button>
                  </td>
                  <td
                    class="h-9 w-9 text-center text-sm p-0 relative [&:has([aria-selected].day-range-end)]:rounded-r-md [&:has([aria-selected].day-outside)]:bg-accent/50 [&:has([aria-selected])]:bg-accent first:[&:has([aria-selected])]:rounded-l-md last:[&:has([aria-selected])]:rounded-r-md focus-within:relative focus-within:z-20"
                    role="presentation"
                  >
                    <button
                      class="rdp-button_reset rdp-button inline-flex items-center justify-center gap-2 whitespace-nowrap rounded-md text-sm ring-offset-background transition-colors focus-visible:outline-none focus-visible:ring-2 focus-visible:ring-ring focus-visible:ring-offset-2 disabled:pointer-events-none disabled:opacity-50 [&_svg]:pointer-events-none [&_svg]:size-4 [&_svg]:shrink-0 hover:bg-accent hover:text-accent-foreground h-9 w-9 p-0 font-normal aria-selected:opacity-100"
                      name="day"
                      role="gridcell"
                      tabindex="-1"
                      type="button"
                    >
                      18
                    </button>
                  </td>
                  <td
                    class="h-9 w-9 text-center text-sm p-0 relative [&:has([aria-selected].day-range-end)]:rounded-r-md [&:has([aria-selected].day-outside)]:bg-accent/50 [&:has([aria-selected])]:bg-accent first:[&:has([aria-selected])]:rounded-l-md last:[&:has([aria-selected])]:rounded-r-md focus-within:relative focus-within:z-20"
                    role="presentation"
                  >
                    <button
                      class="rdp-button_reset rdp-button inline-flex items-center justify-center gap-2 whitespace-nowrap rounded-md text-sm ring-offset-background transition-colors focus-visible:outline-none focus-visible:ring-2 focus-visible:ring-ring focus-visible:ring-offset-2 disabled:pointer-events-none disabled:opacity-50 [&_svg]:pointer-events-none [&_svg]:size-4 [&_svg]:shrink-0 hover:bg-accent hover:text-accent-foreground h-9 w-9 p-0 font-normal aria-selected:opacity-100"
                      name="day"
                      role="gridcell"
                      tabindex="-1"
                      type="button"
                    >
                      19
                    </button>
                  </td>
                  <td
                    class="h-9 w-9 text-center text-sm p-0 relative [&:has([aria-selected].day-range-end)]:rounded-r-md [&:has([aria-selected].day-outside)]:bg-accent/50 [&:has([aria-selected])]:bg-accent first:[&:has([aria-selected])]:rounded-l-md last:[&:has([aria-selected])]:rounded-r-md focus-within:relative focus-within:z-20"
                    role="presentation"
                  >
                    <button
                      class="rdp-button_reset rdp-button inline-flex items-center justify-center gap-2 whitespace-nowrap rounded-md text-sm ring-offset-background transition-colors focus-visible:outline-none focus-visible:ring-2 focus-visible:ring-ring focus-visible:ring-offset-2 disabled:pointer-events-none disabled:opacity-50 [&_svg]:pointer-events-none [&_svg]:size-4 [&_svg]:shrink-0 hover:bg-accent hover:text-accent-foreground h-9 w-9 p-0 font-normal aria-selected:opacity-100"
                      name="day"
                      role="gridcell"
                      tabindex="-1"
                      type="button"
                    >
                      20
                    </button>
                  </td>
                  <td
                    class="h-9 w-9 text-center text-sm p-0 relative [&:has([aria-selected].day-range-end)]:rounded-r-md [&:has([aria-selected].day-outside)]:bg-accent/50 [&:has([aria-selected])]:bg-accent first:[&:has([aria-selected])]:rounded-l-md last:[&:has([aria-selected])]:rounded-r-md focus-within:relative focus-within:z-20"
                    role="presentation"
                  >
                    <button
                      class="rdp-button_reset rdp-button inline-flex items-center justify-center gap-2 whitespace-nowrap rounded-md text-sm ring-offset-background transition-colors focus-visible:outline-none focus-visible:ring-2 focus-visible:ring-ring focus-visible:ring-offset-2 disabled:pointer-events-none disabled:opacity-50 [&_svg]:pointer-events-none [&_svg]:size-4 [&_svg]:shrink-0 hover:bg-accent hover:text-accent-foreground h-9 w-9 p-0 font-normal aria-selected:opacity-100"
                      name="day"
                      role="gridcell"
                      tabindex="-1"
                      type="button"
                    >
                      21
                    </button>
                  </td>
                  <td
                    class="h-9 w-9 text-center text-sm p-0 relative [&:has([aria-selected].day-range-end)]:rounded-r-md [&:has([aria-selected].day-outside)]:bg-accent/50 [&:has([aria-selected])]:bg-accent first:[&:has([aria-selected])]:rounded-l-md last:[&:has([aria-selected])]:rounded-r-md focus-within:relative focus-within:z-20"
                    role="presentation"
                  >
                    <button
                      class="rdp-button_reset rdp-button inline-flex items-center justify-center gap-2 whitespace-nowrap rounded-md text-sm ring-offset-background transition-colors focus-visible:outline-none focus-visible:ring-2 focus-visible:ring-ring focus-visible:ring-offset-2 disabled:pointer-events-none disabled:opacity-50 [&_svg]:pointer-events-none [&_svg]:size-4 [&_svg]:shrink-0 hover:bg-accent hover:text-accent-foreground h-9 w-9 p-0 font-normal aria-selected:opacity-100"
                      name="day"
                      role="gridcell"
                      tabindex="-1"
                      type="button"
                    >
                      22
                    </button>
                  </td>
                </tr>
                <tr
                  class="flex w-full mt-2"
                >
                  <td
                    class="h-9 w-9 text-center text-sm p-0 relative [&:has([aria-selected].day-range-end)]:rounded-r-md [&:has([aria-selected].day-outside)]:bg-accent/50 [&:has([aria-selected])]:bg-accent first:[&:has([aria-selected])]:rounded-l-md last:[&:has([aria-selected])]:rounded-r-md focus-within:relative focus-within:z-20"
                    role="presentation"
                  >
                    <button
                      class="rdp-button_reset rdp-button inline-flex items-center justify-center gap-2 whitespace-nowrap rounded-md text-sm ring-offset-background transition-colors focus-visible:outline-none focus-visible:ring-2 focus-visible:ring-ring focus-visible:ring-offset-2 disabled:pointer-events-none disabled:opacity-50 [&_svg]:pointer-events-none [&_svg]:size-4 [&_svg]:shrink-0 hover:bg-accent hover:text-accent-foreground h-9 w-9 p-0 font-normal aria-selected:opacity-100"
                      name="day"
                      role="gridcell"
                      tabindex="-1"
                      type="button"
                    >
                      23
                    </button>
                  </td>
                  <td
                    class="h-9 w-9 text-center text-sm p-0 relative [&:has([aria-selected].day-range-end)]:rounded-r-md [&:has([aria-selected].day-outside)]:bg-accent/50 [&:has([aria-selected])]:bg-accent first:[&:has([aria-selected])]:rounded-l-md last:[&:has([aria-selected])]:rounded-r-md focus-within:relative focus-within:z-20"
                    role="presentation"
                  >
                    <button
                      class="rdp-button_reset rdp-button inline-flex items-center justify-center gap-2 whitespace-nowrap rounded-md text-sm ring-offset-background transition-colors focus-visible:outline-none focus-visible:ring-2 focus-visible:ring-ring focus-visible:ring-offset-2 disabled:pointer-events-none disabled:opacity-50 [&_svg]:pointer-events-none [&_svg]:size-4 [&_svg]:shrink-0 hover:bg-accent hover:text-accent-foreground h-9 w-9 p-0 font-normal aria-selected:opacity-100"
                      name="day"
                      role="gridcell"
                      tabindex="-1"
                      type="button"
                    >
                      24
                    </button>
                  </td>
                  <td
                    class="h-9 w-9 text-center text-sm p-0 relative [&:has([aria-selected].day-range-end)]:rounded-r-md [&:has([aria-selected].day-outside)]:bg-accent/50 [&:has([aria-selected])]:bg-accent first:[&:has([aria-selected])]:rounded-l-md last:[&:has([aria-selected])]:rounded-r-md focus-within:relative focus-within:z-20"
                    role="presentation"
                  >
                    <button
                      class="rdp-button_reset rdp-button inline-flex items-center justify-center gap-2 whitespace-nowrap rounded-md text-sm ring-offset-background transition-colors focus-visible:outline-none focus-visible:ring-2 focus-visible:ring-ring focus-visible:ring-offset-2 disabled:pointer-events-none disabled:opacity-50 [&_svg]:pointer-events-none [&_svg]:size-4 [&_svg]:shrink-0 hover:bg-accent hover:text-accent-foreground h-9 w-9 p-0 font-normal aria-selected:opacity-100"
                      name="day"
                      role="gridcell"
                      tabindex="-1"
                      type="button"
                    >
                      25
                    </button>
                  </td>
                  <td
                    class="h-9 w-9 text-center text-sm p-0 relative [&:has([aria-selected].day-range-end)]:rounded-r-md [&:has([aria-selected].day-outside)]:bg-accent/50 [&:has([aria-selected])]:bg-accent first:[&:has([aria-selected])]:rounded-l-md last:[&:has([aria-selected])]:rounded-r-md focus-within:relative focus-within:z-20"
                    role="presentation"
                  >
                    <button
                      class="rdp-button_reset rdp-button inline-flex items-center justify-center gap-2 whitespace-nowrap rounded-md text-sm ring-offset-background transition-colors focus-visible:outline-none focus-visible:ring-2 focus-visible:ring-ring focus-visible:ring-offset-2 disabled:pointer-events-none disabled:opacity-50 [&_svg]:pointer-events-none [&_svg]:size-4 [&_svg]:shrink-0 hover:bg-accent hover:text-accent-foreground h-9 w-9 p-0 font-normal aria-selected:opacity-100"
                      name="day"
                      role="gridcell"
                      tabindex="-1"
                      type="button"
                    >
                      26
                    </button>
                  </td>
                  <td
                    class="h-9 w-9 text-center text-sm p-0 relative [&:has([aria-selected].day-range-end)]:rounded-r-md [&:has([aria-selected].day-outside)]:bg-accent/50 [&:has([aria-selected])]:bg-accent first:[&:has([aria-selected])]:rounded-l-md last:[&:has([aria-selected])]:rounded-r-md focus-within:relative focus-within:z-20"
                    role="presentation"
                  >
                    <button
                      class="rdp-button_reset rdp-button inline-flex items-center justify-center gap-2 whitespace-nowrap rounded-md text-sm ring-offset-background transition-colors focus-visible:outline-none focus-visible:ring-2 focus-visible:ring-ring focus-visible:ring-offset-2 disabled:pointer-events-none disabled:opacity-50 [&_svg]:pointer-events-none [&_svg]:size-4 [&_svg]:shrink-0 hover:bg-accent hover:text-accent-foreground h-9 w-9 p-0 font-normal aria-selected:opacity-100"
                      name="day"
                      role="gridcell"
                      tabindex="-1"
                      type="button"
                    >
                      27
                    </button>
                  </td>
                  <td
                    class="h-9 w-9 text-center text-sm p-0 relative [&:has([aria-selected].day-range-end)]:rounded-r-md [&:has([aria-selected].day-outside)]:bg-accent/50 [&:has([aria-selected])]:bg-accent first:[&:has([aria-selected])]:rounded-l-md last:[&:has([aria-selected])]:rounded-r-md focus-within:relative focus-within:z-20"
                    role="presentation"
                  >
                    <button
                      class="rdp-button_reset rdp-button inline-flex items-center justify-center gap-2 whitespace-nowrap rounded-md text-sm ring-offset-background transition-colors focus-visible:outline-none focus-visible:ring-2 focus-visible:ring-ring focus-visible:ring-offset-2 disabled:pointer-events-none disabled:opacity-50 [&_svg]:pointer-events-none [&_svg]:size-4 [&_svg]:shrink-0 hover:bg-accent hover:text-accent-foreground h-9 w-9 p-0 font-normal aria-selected:opacity-100"
                      name="day"
                      role="gridcell"
                      tabindex="-1"
                      type="button"
                    >
                      28
                    </button>
                  </td>
                  <td
                    class="h-9 w-9 text-center text-sm p-0 relative [&:has([aria-selected].day-range-end)]:rounded-r-md [&:has([aria-selected].day-outside)]:bg-accent/50 [&:has([aria-selected])]:bg-accent first:[&:has([aria-selected])]:rounded-l-md last:[&:has([aria-selected])]:rounded-r-md focus-within:relative focus-within:z-20"
                    role="presentation"
                  >
                    <button
                      class="rdp-button_reset rdp-button inline-flex items-center justify-center gap-2 whitespace-nowrap rounded-md text-sm ring-offset-background transition-colors focus-visible:outline-none focus-visible:ring-2 focus-visible:ring-ring focus-visible:ring-offset-2 disabled:pointer-events-none disabled:opacity-50 [&_svg]:pointer-events-none [&_svg]:size-4 [&_svg]:shrink-0 hover:bg-accent hover:text-accent-foreground h-9 w-9 p-0 font-normal aria-selected:opacity-100"
                      name="day"
                      role="gridcell"
                      tabindex="-1"
                      type="button"
                    >
                      29
                    </button>
                  </td>
                </tr>
                <tr
                  class="flex w-full mt-2"
                >
                  <td
                    class="h-9 w-9 text-center text-sm p-0 relative [&:has([aria-selected].day-range-end)]:rounded-r-md [&:has([aria-selected].day-outside)]:bg-accent/50 [&:has([aria-selected])]:bg-accent first:[&:has([aria-selected])]:rounded-l-md last:[&:has([aria-selected])]:rounded-r-md focus-within:relative focus-within:z-20"
                    role="presentation"
                  >
                    <button
                      class="rdp-button_reset rdp-button inline-flex items-center justify-center gap-2 whitespace-nowrap rounded-md text-sm ring-offset-background transition-colors focus-visible:outline-none focus-visible:ring-2 focus-visible:ring-ring focus-visible:ring-offset-2 disabled:pointer-events-none disabled:opacity-50 [&_svg]:pointer-events-none [&_svg]:size-4 [&_svg]:shrink-0 hover:bg-accent hover:text-accent-foreground h-9 w-9 p-0 font-normal aria-selected:opacity-100"
                      name="day"
                      role="gridcell"
                      tabindex="-1"
                      type="button"
                    >
                      30
                    </button>
                  </td>
                  <td
                    class="h-9 w-9 text-center text-sm p-0 relative [&:has([aria-selected].day-range-end)]:rounded-r-md [&:has([aria-selected].day-outside)]:bg-accent/50 [&:has([aria-selected])]:bg-accent first:[&:has([aria-selected])]:rounded-l-md last:[&:has([aria-selected])]:rounded-r-md focus-within:relative focus-within:z-20"
                    role="presentation"
                  >
                    <button
                      class="rdp-button_reset rdp-button inline-flex items-center justify-center gap-2 whitespace-nowrap rounded-md text-sm ring-offset-background transition-colors focus-visible:outline-none focus-visible:ring-2 focus-visible:ring-ring focus-visible:ring-offset-2 disabled:pointer-events-none disabled:opacity-50 [&_svg]:pointer-events-none [&_svg]:size-4 [&_svg]:shrink-0 hover:bg-accent hover:text-accent-foreground h-9 w-9 p-0 font-normal aria-selected:opacity-100"
                      name="day"
                      role="gridcell"
                      tabindex="-1"
                      type="button"
                    >
                      31
                    </button>
                  </td>
                  <td
                    class="h-9 w-9 text-center text-sm p-0 relative [&:has([aria-selected].day-range-end)]:rounded-r-md [&:has([aria-selected].day-outside)]:bg-accent/50 [&:has([aria-selected])]:bg-accent first:[&:has([aria-selected])]:rounded-l-md last:[&:has([aria-selected])]:rounded-r-md focus-within:relative focus-within:z-20"
                    role="presentation"
                  >
                    <button
                      class="rdp-button_reset rdp-button inline-flex items-center justify-center gap-2 whitespace-nowrap rounded-md text-sm ring-offset-background transition-colors focus-visible:outline-none focus-visible:ring-2 focus-visible:ring-ring focus-visible:ring-offset-2 disabled:pointer-events-none disabled:opacity-50 [&_svg]:pointer-events-none [&_svg]:size-4 [&_svg]:shrink-0 hover:bg-accent hover:text-accent-foreground h-9 w-9 p-0 font-normal aria-selected:opacity-100 day-outside text-muted-foreground aria-selected:bg-accent/50 aria-selected:text-muted-foreground"
                      name="day"
                      role="gridcell"
                      tabindex="-1"
                      type="button"
                    >
                      1
                    </button>
                  </td>
                  <td
                    class="h-9 w-9 text-center text-sm p-0 relative [&:has([aria-selected].day-range-end)]:rounded-r-md [&:has([aria-selected].day-outside)]:bg-accent/50 [&:has([aria-selected])]:bg-accent first:[&:has([aria-selected])]:rounded-l-md last:[&:has([aria-selected])]:rounded-r-md focus-within:relative focus-within:z-20"
                    role="presentation"
                  >
                    <button
                      class="rdp-button_reset rdp-button inline-flex items-center justify-center gap-2 whitespace-nowrap rounded-md text-sm ring-offset-background transition-colors focus-visible:outline-none focus-visible:ring-2 focus-visible:ring-ring focus-visible:ring-offset-2 disabled:pointer-events-none disabled:opacity-50 [&_svg]:pointer-events-none [&_svg]:size-4 [&_svg]:shrink-0 hover:bg-accent hover:text-accent-foreground h-9 w-9 p-0 font-normal aria-selected:opacity-100 day-outside text-muted-foreground aria-selected:bg-accent/50 aria-selected:text-muted-foreground"
                      name="day"
                      role="gridcell"
                      tabindex="-1"
                      type="button"
                    >
                      2
                    </button>
                  </td>
                  <td
                    class="h-9 w-9 text-center text-sm p-0 relative [&:has([aria-selected].day-range-end)]:rounded-r-md [&:has([aria-selected].day-outside)]:bg-accent/50 [&:has([aria-selected])]:bg-accent first:[&:has([aria-selected])]:rounded-l-md last:[&:has([aria-selected])]:rounded-r-md focus-within:relative focus-within:z-20"
                    role="presentation"
                  >
                    <button
                      class="rdp-button_reset rdp-button inline-flex items-center justify-center gap-2 whitespace-nowrap rounded-md text-sm ring-offset-background transition-colors focus-visible:outline-none focus-visible:ring-2 focus-visible:ring-ring focus-visible:ring-offset-2 disabled:pointer-events-none disabled:opacity-50 [&_svg]:pointer-events-none [&_svg]:size-4 [&_svg]:shrink-0 hover:bg-accent hover:text-accent-foreground h-9 w-9 p-0 font-normal aria-selected:opacity-100 day-outside text-muted-foreground aria-selected:bg-accent/50 aria-selected:text-muted-foreground"
                      name="day"
                      role="gridcell"
                      tabindex="-1"
                      type="button"
                    >
                      3
                    </button>
                  </td>
                  <td
                    class="h-9 w-9 text-center text-sm p-0 relative [&:has([aria-selected].day-range-end)]:rounded-r-md [&:has([aria-selected].day-outside)]:bg-accent/50 [&:has([aria-selected])]:bg-accent first:[&:has([aria-selected])]:rounded-l-md last:[&:has([aria-selected])]:rounded-r-md focus-within:relative focus-within:z-20"
                    role="presentation"
                  >
                    <button
                      class="rdp-button_reset rdp-button inline-flex items-center justify-center gap-2 whitespace-nowrap rounded-md text-sm ring-offset-background transition-colors focus-visible:outline-none focus-visible:ring-2 focus-visible:ring-ring focus-visible:ring-offset-2 disabled:pointer-events-none disabled:opacity-50 [&_svg]:pointer-events-none [&_svg]:size-4 [&_svg]:shrink-0 hover:bg-accent hover:text-accent-foreground h-9 w-9 p-0 font-normal aria-selected:opacity-100 day-outside text-muted-foreground aria-selected:bg-accent/50 aria-selected:text-muted-foreground"
                      name="day"
                      role="gridcell"
                      tabindex="-1"
                      type="button"
                    >
                      4
                    </button>
                  </td>
                  <td
                    class="h-9 w-9 text-center text-sm p-0 relative [&:has([aria-selected].day-range-end)]:rounded-r-md [&:has([aria-selected].day-outside)]:bg-accent/50 [&:has([aria-selected])]:bg-accent first:[&:has([aria-selected])]:rounded-l-md last:[&:has([aria-selected])]:rounded-r-md focus-within:relative focus-within:z-20"
                    role="presentation"
                  >
                    <button
                      class="rdp-button_reset rdp-button inline-flex items-center justify-center gap-2 whitespace-nowrap rounded-md text-sm ring-offset-background transition-colors focus-visible:outline-none focus-visible:ring-2 focus-visible:ring-ring focus-visible:ring-offset-2 disabled:pointer-events-none disabled:opacity-50 [&_svg]:pointer-events-none [&_svg]:size-4 [&_svg]:shrink-0 hover:bg-accent hover:text-accent-foreground h-9 w-9 p-0 font-normal aria-selected:opacity-100 day-outside text-muted-foreground aria-selected:bg-accent/50 aria-selected:text-muted-foreground"
                      name="day"
                      role="gridcell"
                      tabindex="-1"
                      type="button"
                    >
                      5
                    </button>
                  </td>
                </tr>
              </tbody>
            </table>
          </div>
        </div>
      </div>
      <div
        class="space-y-4 mb-6"
      >
        <div
          class="flex justify-between items-center"
        >
          <label
            class="text-gray-600 font-medium"
            for="start"
          >
            Start Time:
          </label>
          <input
            class="border border-gray-300 rounded-md p-2 text-gray-700 focus:outline-none focus:ring-2 focus:ring-blue-500"
            id="start"
            type="time"
            value="09:00"
          />
        </div>
        <div
          class="flex justify-between items-center"
        >
          <label
            class="text-gray-600 font-medium"
            for="end"
          >
            End Time:
          </label>
          <input
            class="border border-gray-300 rounded-md p-2 text-gray-700 focus:outline-none focus:ring-2 focus:ring-blue-500"
            id="end"
            type="time"
            value="17:00"
          />
        </div>
        <div
          class="flex items-center space-x-2"
        >
          <input
            checked=""
            class="cursor-pointer text-blue-600"
            id="available"
            type="checkbox"
          />
          <label
            class="text-gray-600"
            for="available"
          >
            Available
          </label>
        </div>
      </div>
      <div
        class="flex justify-end space-x-4"
      >
        <button
          class="inline-flex items-center justify-center gap-2 whitespace-nowrap text-sm font-medium ring-offset-background transition-colors focus-visible:outline-none focus-visible:ring-2 focus-visible:ring-ring focus-visible:ring-offset-2 disabled:pointer-events-none disabled:opacity-50 [&_svg]:pointer-events-none [&_svg]:size-4 [&_svg]:shrink-0 h-10 bg-gray-500 hover:bg-gray-600 text-white px-4 py-2 rounded-lg focus:outline-none"
        >
          Cancel
        </button>
        <button
          class="inline-flex items-center justify-center gap-2 whitespace-nowrap text-sm font-medium ring-offset-background transition-colors focus-visible:outline-none focus-visible:ring-2 focus-visible:ring-ring focus-visible:ring-offset-2 disabled:pointer-events-none disabled:opacity-50 [&_svg]:pointer-events-none [&_svg]:size-4 [&_svg]:shrink-0 h-10 bg-blue-600 hover:bg-blue-700 text-white px-4 py-2 rounded-lg focus:outline-none"
        >
          Confirm
        </button>
      </div>
      <p
        class="text-red-500 text-sm mt-2"
      >
        Mutation failed
      </p>
    </div>
  </div>
</DocumentFragment>
`;
